{
    "sarscov2 - [bam, bai], [] - stub": {
        "content": [
            {
                "0": [
                    [
                        {
                            "id": "test",
                            "single_end": false
                        },
                        "test.tsv:md5,d41d8cd98f00b204e9800998ecf8427e"
                    ]
                ],
                "1": [
                    "versions.yml:md5,22787e093202243f0113dac1dec9586f"
                ],
                "tsv": [
                    [
                        {
                            "id": "test",
                            "single_end": false
                        },
                        "test.tsv:md5,d41d8cd98f00b204e9800998ecf8427e"
                    ]
                ],
                "versions": [
                    "versions.yml:md5,22787e093202243f0113dac1dec9586f"
                ]
            }
        ],
        "meta": {
            "nf-test": "0.9.2",
            "nextflow": "25.04.5"
        },
        "timestamp": "2025-10-31T10:33:18.753345922"
    },
    "sarscov2 - [bam, bai], [fasta, fai]": {
        "content": [
            {
                "0": [
                    [
                        {
                            "id": "test",
                            "single_end": false
                        },
                        "test.tsv:md5,c0299b95ede533c8fdf8190b32edf3c1"
                    ]
                ],
                "1": [
                    "versions.yml:md5,22787e093202243f0113dac1dec9586f"
                ],
                "tsv": [
                    [
                        {
                            "id": "test",
                            "single_end": false
                        },
                        "test.tsv:md5,c0299b95ede533c8fdf8190b32edf3c1"
                    ]
                ],
                "versions": [
                    "versions.yml:md5,22787e093202243f0113dac1dec9586f"
                ]
            }
        ],
        "meta": {
            "nf-test": "0.9.2",
            "nextflow": "25.04.5"
        },
        "timestamp": "2025-10-31T10:38:41.413689014"
    },
    "sarscov2 - [bam, bai], []": {
        "content": [
            {
                "0": [
                    [
                        {
                            "id": "test",
                            "single_end": false
                        },
                        "test.tsv:md5,89b11a0b32cd311fb370feac23ed8b8a"
                    ]
                ],
                "1": [
                    "versions.yml:md5,22787e093202243f0113dac1dec9586f"
                ],
                "tsv": [
                    [
                        {
                            "id": "test",
                            "single_end": false
                        },
                        "test.tsv:md5,89b11a0b32cd311fb370feac23ed8b8a"
                    ]
                ],
                "versions": [
                    "versions.yml:md5,22787e093202243f0113dac1dec9586f"
                ]
            }
        ],
        "meta": {
            "nf-test": "0.9.2",
            "nextflow": "25.04.5"
        },
        "timestamp": "2025-10-31T10:35:35.165854514"
    },
    "sarscov2 - [bam, bai], [fasta, fai] - stub": {
        "content": [
            {
                "0": [
                    [
                        {
                            "id": "test",
                            "single_end": false
                        },
                        "test.tsv:md5,d41d8cd98f00b204e9800998ecf8427e"
                    ]
                ],
                "1": [
                    "versions.yml:md5,22787e093202243f0113dac1dec9586f"
                ],
                "tsv": [
                    [
                        {
                            "id": "test",
                            "single_end": false
                        },
                        "test.tsv:md5,d41d8cd98f00b204e9800998ecf8427e"
                    ]
                ],
                "versions": [
                    "versions.yml:md5,22787e093202243f0113dac1dec9586f"
                ]
            }
        ],
        "meta": {
            "nf-test": "0.9.2",
            "nextflow": "25.04.5"
        },
        "timestamp": "2025-10-31T10:38:52.403523794"
    }
}