{
    "homo sapiens - stub": {
        "content": [
            {
                "0": [
                    [
                        {
                            "id": "test"
                        },
                        "test.bed:md5,d41d8cd98f00b204e9800998ecf8427e"
                    ]
                ],
                "1": [
                    [
                        {
                            "id": "test"
                        },
                        "test.vcf.gz:md5,68b329da9893e34099c7d8ad5cb9c940"
                    ]
                ],
                "2": [
                    [
                        {
                            "id": "test"
                        },
                        "test.vcf.gz.tbi:md5,d41d8cd98f00b204e9800998ecf8427e"
                    ]
                ],
                "3": [
                    [
                        {
                            "id": "test"
                        },
                        "test.spc.gz:md5,68b329da9893e34099c7d8ad5cb9c940"
                    ]
                ],
                "4": [
                    [
                        {
                            "id": "test"
                        },
                        "test.csv:md5,d41d8cd98f00b204e9800998ecf8427e"
                    ]
                ],
                "5": [
                    [
                        {
                            "id": "test"
                        },
                        "predicted_karyotype.txt:md5,d41d8cd98f00b204e9800998ecf8427e"
                    ]
                ],
                "6": [
                    "versions.yml:md5,836df2b55b02061bfe39fcf7c79995f2"
                ],
                "bed": [
                    [
                        {
                            "id": "test"
                        },
                        "test.bed:md5,d41d8cd98f00b204e9800998ecf8427e"
                    ]
                ],
                "karyotype": [
                    [
                        {
                            "id": "test"
                        },
                        "predicted_karyotype.txt:md5,d41d8cd98f00b204e9800998ecf8427e"
                    ]
                ],
                "spc": [
                    [
                        {
                            "id": "test"
                        },
                        "test.spc.gz:md5,68b329da9893e34099c7d8ad5cb9c940"
                    ]
                ],
                "tbi": [
                    [
                        {
                            "id": "test"
                        },
                        "test.vcf.gz.tbi:md5,d41d8cd98f00b204e9800998ecf8427e"
                    ]
                ],
                "vcf": [
                    [
                        {
                            "id": "test"
                        },
                        "test.vcf.gz:md5,68b329da9893e34099c7d8ad5cb9c940"
                    ]
                ],
                "versions": [
                    "versions.yml:md5,836df2b55b02061bfe39fcf7c79995f2"
                ],
                "windows_stats": [
                    [
                        {
                            "id": "test"
                        },
                        "test.csv:md5,d41d8cd98f00b204e9800998ecf8427e"
                    ]
                ]
            }
        ],
        "meta": {
            "nf-test": "0.9.2",
            "nextflow": "24.10.4"
        },
        "timestamp": "2025-03-03T08:59:11.844190948"
    }
}